⚠ Warning: Next.js inferred your workspace root, but it may not be correct.
 We detected multiple lockfiles and selected the directory of D:\KULIAH\CAPSTONE\transjakarta-app\package-lock.json as the root directory.
 To silence this warning, set `turbopack.root` in your Next.js config, or consider removing one of the lockfiles if it's not needed.
   See https://nextjs.org/docs/app/api-reference/config/next-config-js/turbopack#root-directory for more information.
 Detected additional lockfiles: 
   * D:\KULIAH\CAPSTONE\transjakarta-app\frontend\package-lock.json

⚠ Found a change in next.config.ts. Restarting the server to apply the changes...

<--- Last few GCs --->


<--- JS stacktrace --->



#
# Fatal JavaScript out of memory: MemoryChunk allocation failed during deserialization.
#
----- Native stack trace -----

 1: 00007FF6E9B31427 
 2: 00007FF6E9A05D3F 
 3: 00007FF6EAC6BC16 
 4: 00007FF6EA606403 
 5: 00007FF6EA5F2F36 
 6: 00007FF6EA44F870 
 7: 00007FF6EA416891 
 8: 00007FF6EA416EB0 
 9: 00007FF6EA416932 
10: 00007FF6EA43F3AB 
11: 00007FF6EA43F615 
12: 00007FF6EA43F766 
13: 00007FF6EA461AF2 
14: 00007FF6EA10F2E6 
15: 00007FF6EA110C12 
16: 00007FF6EA10C705 
17: 00007FF6EA1112AF 
18: 00007FF6EA455878 
19: 00007FF6EA0EC8B0 
20: 00007FF6EA4C1A05 
21: 00007FF6EA0F4793 
22: 00007FF6EA5FC061 
23: 00007FF6E9B7136D 
24: 00007FF6E99551B5 
25: 00007FF6E995A2A3 
26: 00007FF6E994F345 
27: 00007FF6E9B92263 
28: 00007FF6EB380BCB 
29: 00007FF9C8D9CD87 BaseThreadInitThunk+23
30: 00007FF9CA58CAEC 

<--- Last few GCs --->

[57280:000002295D491000]      180 ms: Scavenge 8.9 (13.4) -> 8.8 (13.4) MB, pooled: 0 MB, 0.57 / 0.00 ms  (average mu = 1.000, current mu = 1.000) allocation failure; 
[57280:000002295D491000]      185 ms: Mark-Compact (reduce) 8.8 (13.4) -> 7.3 (9.6) MB, pooled: 0 MB, 5.04 / 0.00 ms  (average mu = 0.973, current mu = 0.973) last resort; GC in old space requested


<--- JS stacktrace --->

FATAL ERROR: Committing semi space failed. Allocation failed - JavaScript heap out of memory
----- Native stack trace -----


<--- Last few GCs --->

 1: 00007FF6E9B31427 

<--- JS stacktrace --->
 2: 00007FF6E9A94878 

 3: 00007FF6EA6063B1 
FATAL ERROR: Committing semi space failed. Allocation failed - JavaScript heap out of memory
 4: 00007FF6EA5F2F36 
 5: 00007FF6EA44F870 
 6: 00007FF6EA4074CD 
 7: 00007FF6EA458AB3 
 8: 00007FF6EA44893D 
 9: 00007FF6EA4444F5 
10: 00007FF6E9DCDE2D 
11: 7FF8000000000000 
----- Native stack trace -----

 1: 00007FF6E9B31427 
 2: 00007FF6E9A94878 
 3: 00007FF6EA6063B1 
 4: 00007FF6EA5F2F36 
 5: 00007FF6EA44F870 
 6: 00007FF6EA4074CD 
 7: 00007FF6EA458AB3 
 8: 00007FF6EA44893D 
 9: 00007FF6EA4444F5 
10: 00007FF6E9DCDE2D 

<--- Last few GCs --->

[21384:0000017A577F1000]       67 ms: Scavenge 6.5 (8.0) -> 6.4 (10.8) MB, pooled: 0 MB, 0.65 / 0.00 ms  (average mu = 1.000, current mu = 1.000) allocation failure; 
[21384:0000017A577F1000]      121 ms: Scavenge 9.3 (11.6) -> 8.5 (12.1) MB, pooled: 0 MB, 0.94 / 0.00 ms  (average mu = 1.000, current mu = 1.000) allocation failure; 


<--- JS stacktrace --->


<--- Last few GCs --->

[21384:0000017A577F1000]       67 ms: Scavenge 6.5 (8.0) -> 6.4 (10.8) MB, pooled: 0 MB, 0.65 / 0.00 ms  (average mu = 1.000, current mu = 1.000) allocation failure; 
[21384:0000017A577F1000]      121 ms: Scavenge 9.3 (11.6) -> 8.5 (12.1) MB, pooled: 0 MB, 0.94 / 0.00 ms  (average mu = 1.000, current mu = 1.000) allocation failure; 


<--- JS stacktrace --->

FATAL ERROR: MarkCompactCollector: young object promotion failed Allocation failed - JavaScript heap out of memory
----- Native stack trace -----

FATAL ERROR: MarkCompactCollector: young object promotion failed Allocation failed - JavaScript heap out of memory
----- Native stack trace -----

 1: 00007FF6E9B31427 
 2: 00007FF6E9A94878 
 3: 00007FF6EA6063B1 
 4: 00007FF6EA5F2F36 
 5: 00007FF6EA44F870 
 6: 00007FF6EA42282F 
 7: 00007FF6EA4339E2 
 8: 00007FF6EA42A95E 
 9: 00007FF6EA431169 
10: 00007FF6EA4354D1 
11: 00007FF6EA7F7B96 
12: 00007FF6E9A08AC0 
13: 00007FF6E9B92263 
14: 00007FF6EB380BCB 
15: 00007FF9C8D9CD87 
16: 00007FF9CA58CAEC 

<--- Last few GCs --->


<--- Last few GCs --->
[45772:000001DA1C2B1000]       67 ms: Scavenge 6.4 (8.0) -> 6.4 (10.8) MB, pooled: 0 MB, 0.57 / 0.00 ms  (average mu = 1.000, current mu = 1.000) allocation failure; 

[45772:000001DA1C2B1000]      133 ms: Scavenge 9.3 (11.6) -> 8.5 (11.9) MB, pooled: 0 MB, 0.84 / 0.00 ms  (average mu = 1.000, current mu = 1.000) allocation failure; 
[45992:000001D9BB7C1000]      142 ms: Mark-Compact (reduce) 7.4 (12.0) -> 6.3 (7.7) MB, pooled: 0 MB, 5.77 / 0.00 ms  (average mu = 0.959, current mu = 0.959) last resort; GC in old space requested

[45992:000001D9BB7C1000]      145 ms: Mark-Compact (reduce) 6.3 (7.7) -> 6.3 (7.7) MB, pooled: 0 MB, 3.17 / 0.00 ms  (average mu = 0.938, current mu = 0.008) last resort; GC in old space requested



<--- JS stacktrace --->
<--- JS stacktrace --->


FATAL ERROR: NewSpace::EnsureCurrentCapacity Allocation failed - JavaScript heap out of memory
FATAL ERROR: Zone Allocation failed - process out of memory
----- Native stack trace -----
----- Native stack trace -----


 1: 00007FF6E9B31427 
 1: 00007FF6E9B31427 
 2: 00007FF6E9A94878 
 2: 00007FF6E9A94878 
 3: 00007FF6EA6063B1 
 3: 00007FF6EA6063B1 
 4: 00007FF6EA5F2F36 
 4: 00007FF6EA5F2F36 
 5: 00007FF6EA44F870 

 5: 00007FF6EA0D5A4B 

 6: 00007FF6EA42C5F0 
<--- Last few GCs --->
 6: 00007FF6EA5E4A28 
<--- Last few GCs --->
 7: 00007FF6EA45650B 

 7: 00007FF6EA1F0943 

 8: 00007FF6EA458B1E 
 8: 00007FF6EA1D8B86 
[42336:000002B42D041000]      136 ms: Scavenge 6.5 (8.0) -> 5.6 (10.0) MB, pooled: 0 MB, 1.21 / 0.00 ms  (average mu = 1.000, current mu = 1.000) allocation failure; 
 9: 00007FF6EA44893D 
 9: 00007FF6EA1D85F1 
10: 00007FF6EA4444F5 
10: 00007FF6EA1DDB6E 
11: 00007FF6E9DCDE2D 
[42336:000002B42D041000]      211 ms: Scavenge 8.5 (10.8) -> 7.6 (11.3) MB, pooled: 0 MB, 1.59 / 0.00 ms  (average mu = 1.000, current mu = 1.000) allocation failure; 
11: 00007FF6EA1DE01E 
12: 7FF8000000000000 
[27472:000001FC4BF86000]      195 ms: Mark-Compact 4.5 (6.8) -> 4.3 (7.1) MB, pooled: 0 MB, 6.10 / 0.00 ms  (average mu = 0.894, current mu = 0.609) allocation failure; GC in old space requested

12: 00007FF6EA1E9DAF 
[27472:000001FC4BF86000]      198 ms: Mark-Compact 4.3 (7.1) -> 4.3 (7.1) MB, pooled: 0 MB, 2.61 / 0.00 ms  (average mu = 0.870, current mu = 0.070) allocation failure; GC in old space requested

13: 00007FF6EA1E12F8 

<--- JS stacktrace --->
14: 00007FF6EA1D81ED 


15: 00007FF6EA1D8761 
<--- JS stacktrace --->
FATAL ERROR: NewSpace::EnsureCurrentCapacity Allocation failed - JavaScript heap out of memory
16: 00007FF6EA1D85F1 

----- Native stack trace -----
17: 00007FF6EA1DDB6E 
FATAL ERROR: Zone Allocation failed - process out of memory

18: 00007FF6EA1E67A7 
----- Native stack trace -----
 1: 00007FF6E9B31427 
19: 00007FF6EA1E3D79 

 2: 00007FF6E9A94878 
20: 00007FF6EA1D85A4 
 1: 00007FF6E9B31427 
 3: 00007FF6EA6063B1 
 2: 00007FF6E9A94878 
21: 00007FF6EA1DDB6E 
 4: 00007FF6EA5F2F36 
22: 00007FF6EA1DE01E 
 3: 00007FF6EA6063B1 
 5: 00007FF6EA44F870 
23: 00007FF6EA1E9DAF 
 4: 00007FF6EA5F2F36 
 6: 00007FF6EA42C5F0 
24: 00007FF6EA1E12F8 
 5: 00007FF6EA0D5A4B 
 7: 00007FF6EA45650B 
25: 00007FF6EA1D81ED 
 6: 00007FF6EA1D5446 
 8: 00007FF6EA458B1E 
26: 00007FF6EA1D8761 
 7: 00007FF6EA1E67F0 
 9: 00007FF6EA44893D 
27: 00007FF6EA1D85F1 
 8: 00007FF6EA1E3D79 
10: 00007FF6EA4444F5 
 9: 00007FF6EA1D85A4 
28: 00007FF6EA1DDB6E 
11: 00007FF6E9DCDE2D 
29: 00007FF6EA1E67A7 
10: 00007FF6EA1D753E 
12: 7FF8000000000000 
30: 00007FF6EA1E3D79 
11: 00007FF6EA1E38AE 
31: 00007FF6EA1D85A4 
12: 00007FF6EA1E3DB7 
32: 00007FF6EA1DDB6E 
13: 00007FF6EA1D85A4 
33: 00007FF6EA1DE01E 
14: 00007FF6EA1EBAE9 
34: 00007FF6EA1E9DAF 
15: 00007FF6EA1EBE45 
35: 00007FF6EA1E12F8 
16: 00007FF6EA1E12F8 
36: 00007FF6EA1E05F7 
17: 00007FF6EA1E05F7 
37: 00007FF6EA1E1D1A 
18: 00007FF6EA1E1D1A 
38: 00007FF6EA1D31BD 
19: 00007FF6EA1D31BD 
39: 00007FF6EA1E6D0D 
20: 00007FF6EA1E6D0D 
40: 00007FF6EA1CC22C 
21: 00007FF6EA1CC22C 
41: 00007FF6EA56E460 
22: 00007FF6EA56E460 
42: 00007FF6EA573F84 
23: 00007FF6EA573F84 
43: 00007FF6EA5EDABD 
24: 00007FF6EA5EDABD 
44: 00007FF6EA5ED814 
25: 00007FF6EA5ED814 
45: 00007FF6E9AA212D 
26: 00007FF6E9ABC6CA 
46: 00007FF6E9AA2697 
27: 00007FF6E9ABBF4A 
47: 00007FF6EA623E18 
28: 00007FF6E9ABA0C1 
48: 00007FF66A87362C 
29: 00007FF6EA623E18 
30: 00007FF68A8474B2 


#
# Fatal process out of memory: Zone
#
----- Native stack trace -----

 1: 00007FF6E9B31427 
 2: 00007FF6E9A05D3F 
 3: 00007FF6EAC6BC16 
 4: 00007FF6EA5F2D41 
 5: 00007FF6EA0D5A4B 
 6: 00007FF6EADEB308 
 7: 00007FF6EADE98D8 
 8: 00007FF6EADE0AF0 
 9: 00007FF6EAD84100 
10: 00007FF6EAD8488B 
11: 00007FF6EAD8C762 
12: 00007FF6EAD8606A 
13: 00007FF6EA570074 
14: 00007FF6EA536C52 
15: 00007FF6EA7F7B96 
16: 00007FF6E9A08AC0 
17: 00007FF6E9B92263 
18: 00007FF6EB380BCB 
19: 00007FF9C8D9CD87 
20: 00007FF9CA58CAEC 

thread 'tokio-runtime-worker' (39536) panicked at C:\Users\runneradmin\.cargo\registry\src\index.crates.io-1949cf8c6b5b557f\tokio-1.43.0\src\runtime\io\driver.rs:157:23:
unexpected error when polling the I/O driver: Os { code: 1450, kind: Uncategorized, message: "Insufficient system resources exist to complete the requested service." }
note: run with `RUST_BACKTRACE=1` environment variable to display a backtrace


thread 'tokio-runtime-worker' (6528) panicked at C:\Users\runneradmin\.cargo\registry\src\index.crates.io-1949cf8c6b5b557f\mio-1.0.3\src\sys\windows\selector.rs:454:9:
assertion failed: !self.is_polling.swap(true, Ordering::AcqRel)
<--- Last few GCs --->

[57136:000001FA76501000]      182 ms: Scavenge 7.5 (11.3) -> 7.5 (12.3) MB, pooled: 0 MB, 43.89 / 0.00 ms  (average mu = 1.000, current mu = 1.000) allocation failure; 
[57136:000001FA76501000]      187 ms: Mark-Compact (reduce) 7.5 (12.3) -> 6.3 (8.0) MB, pooled: 0 MB, 4.24 / 0.00 ms  (average mu = 0.977, current mu = 0.977) last resort; GC in old space requested


<--- JS stacktrace --->

FATAL ERROR: Committing semi space failed. Allocation failed - JavaScript heap out of memory
----- Native stack trace -----

 1: 00007FF6E9B31427 
 2: 00007FF6E9A94878 
 3: 00007FF6EA6063B1 
 4: 00007FF6EA5F2F36 
 5: 00007FF6EA44F870 
 6: 00007FF6EA4074CD 
 7: 00007FF6EA458AB3 
 8: 00007FF6EA44893D 
 9: 00007FF6EA4444F5 
10: 00007FF6E9DCDE2D 
11: 7FF8000000000000 

thread 'tokio-runtime-worker' (34352) panicked at C:\Users\runneradmin\.cargo\registry\src\index.crates.io-1949cf8c6b5b557f\mio-1.0.3\src\sys\windows\selector.rs:454:9:
assertion failed: !self.is_polling.swap(true, Ordering::AcqRel)

thread 'tokio-runtime-worker' (36532) panicked at C:\Users\runneradmin\.cargo\registry\src\index.crates.io-1949cf8c6b5b557f\mio-1.0.3\src\sys\windows\selector.rs:454:9:
assertion failed: !self.is_polling.swap(true, Ordering::AcqRel)
